// Jest Snapshot v1, https://goo.gl/fbAQLP

exports[`<AgentProbeTemplates /> renders correctly 1`] = `
Array [
  <div
    className="pf-c-toolbar"
    data-ouia-component-id="OUIA-Generated-Toolbar-1"
    data-ouia-component-type="PF4/Toolbar"
    data-ouia-safe={true}
    id="event-templates-toolbar"
  >
    <div
      className="pf-c-toolbar__content"
    >
      <div
        className="pf-c-toolbar__content-section"
      >
        <div
          className="pf-c-toolbar__group pf-m-filter-group"
        >
          <div
            className="pf-c-toolbar__item"
          >
            <input
              aria-invalid={false}
              aria-label="Probe template filter"
              className="pf-c-form-control"
              data-ouia-component-id="OUIA-Generated-TextInputBase-1"
              data-ouia-component-type="PF4/TextInput"
              data-ouia-safe={true}
              disabled={false}
              id="templateFilter"
              name="templateFilter"
              onBlur={[Function]}
              onChange={[Function]}
              onFocus={[Function]}
              placeholder="Filter..."
              readOnly={false}
              required={false}
              type="search"
            />
          </div>
        </div>
        <div
          className="pf-c-toolbar__group pf-m-icon-button-group"
        >
          <div
            className="pf-c-toolbar__item"
          >
            <button
              aria-disabled={false}
              aria-label={null}
              className="pf-c-button pf-m-primary"
              data-ouia-component-id="OUIA-Generated-Button-primary-1"
              data-ouia-component-type="PF4/Button"
              data-ouia-safe={true}
              disabled={false}
              onClick={[Function]}
              role={null}
              type="button"
            >
              Upload
            </button>
          </div>
        </div>
      </div>
      <div
        className="pf-c-toolbar__expandable-content"
        id="event-templates-toolbar-expandable-content-2"
      >
        <div
          className="pf-c-toolbar__group"
        />
      </div>
    </div>
    <div
      className="pf-c-toolbar__content pf-m-hidden"
      hidden={true}
    >
      <div
        className="pf-c-toolbar__group"
      />
    </div>
  </div>,
  <table
    aria-label="Probe Templates Table"
    className="pf-c-table pf-m-grid-md pf-m-compact"
    data-ouia-component-id="OUIA-Generated-Table-2"
    data-ouia-component-type="PF4/Table"
    data-ouia-safe={true}
    role="grid"
  >
    <thead
      className=""
    >
      <tr
        className=""
        data-ouia-component-id="OUIA-Generated-TableRow-1"
        data-ouia-component-type="PF4/TableRow"
        data-ouia-safe={true}
        hidden={false}
      >
        <th
          aria-sort="none"
          className="pf-c-table__sort"
          data-key={0}
          data-label="name"
          onMouseEnter={[Function]}
          scope="col"
        >
          <button
            className="pf-c-table__button"
            onClick={[Function]}
            type="button"
          >
            <div
              className="pf-c-table__button-content"
            >
              <span
                className="pf-c-table__text"
                onMouseEnter={[Function]}
              >
                name
              </span>
              <span
                className="pf-c-table__sort-indicator"
              >
                <svg
                  aria-hidden={true}
                  aria-labelledby={null}
                  fill="currentColor"
                  height="1em"
                  role="img"
                  style={
                    Object {
                      "verticalAlign": "-0.125em",
                    }
                  }
                  viewBox="0 0 256 512"
                  width="1em"
                >
                  <path
                    d="M214.059 377.941H168V134.059h46.059c21.382 0 32.09-25.851 16.971-40.971L144.971 7.029c-9.373-9.373-24.568-9.373-33.941 0L24.971 93.088c-15.119 15.119-4.411 40.971 16.971 40.971H88v243.882H41.941c-21.382 0-32.09 25.851-16.971 40.971l86.059 86.059c9.373 9.373 24.568 9.373 33.941 0l86.059-86.059c15.12-15.119 4.412-40.971-16.97-40.971z"
                  />
                </svg>
              </span>
            </div>
          </button>
        </th>
        <th
          aria-sort="none"
          className="pf-c-table__sort"
          data-key={1}
          data-label="xml"
          onMouseEnter={[Function]}
          scope="col"
        >
          <button
            className="pf-c-table__button"
            onClick={[Function]}
            type="button"
          >
            <div
              className="pf-c-table__button-content"
            >
              <span
                className="pf-c-table__text"
                onMouseEnter={[Function]}
              >
                xml
              </span>
              <span
                className="pf-c-table__sort-indicator"
              >
                <svg
                  aria-hidden={true}
                  aria-labelledby={null}
                  fill="currentColor"
                  height="1em"
                  role="img"
                  style={
                    Object {
                      "verticalAlign": "-0.125em",
                    }
                  }
                  viewBox="0 0 256 512"
                  width="1em"
                >
                  <path
                    d="M214.059 377.941H168V134.059h46.059c21.382 0 32.09-25.851 16.971-40.971L144.971 7.029c-9.373-9.373-24.568-9.373-33.941 0L24.971 93.088c-15.119 15.119-4.411 40.971 16.971 40.971H88v243.882H41.941c-21.382 0-32.09 25.851-16.971 40.971l86.059 86.059c9.373 9.373 24.568 9.373 33.941 0l86.059-86.059c15.12-15.119 4.412-40.971-16.97-40.971z"
                  />
                </svg>
              </span>
            </div>
          </button>
        </th>
        <td
          className=""
          data-key={2}
          data-label=""
          onMouseEnter={[Function]}
          scope={null}
        >
          
        </td>
      </tr>
    </thead>
    <tbody
      className=""
      role="rowgroup"
    >
      <tr
        className=""
        data-ouia-component-id="OUIA-Generated-TableRow-2"
        data-ouia-component-type="PF4/TableRow"
        data-ouia-safe={true}
        hidden={false}
        onClick={[Function]}
        onKeyDown={[Function]}
      >
        <td
          className=""
          data-key={0}
          data-label="name"
          onMouseEnter={[Function]}
        >
          someProbeTemplate
        </td>
        <td
          className=""
          data-key={1}
          data-label="xml"
          onMouseEnter={[Function]}
        >
          &lt;some&gt;&lt;dummy&gt;&lt;xml&gt;&lt;/xml&gt;&lt;/dummy&gt;&lt;/some&gt;
        </td>
        <td
          className="pf-c-table__action"
          data-key={2}
          data-label={null}
          onMouseEnter={[Function]}
          style={
            Object {
              "paddingRight": 0,
            }
          }
        >
          <div
            className="pf-c-dropdown pf-m-align-right"
            data-ouia-component-id="OUIA-Generated-Dropdown-1"
            data-ouia-component-type="PF4/Dropdown"
            data-ouia-safe={true}
          >
            <button
              aria-expanded={false}
              aria-haspopup={true}
              aria-label="Actions"
              className="pf-c-dropdown__toggle pf-m-plain"
              disabled={false}
              id="pf-dropdown-toggle-id-0"
              onClick={[Function]}
              onKeyDown={[Function]}
              type="button"
            >
              <svg
                aria-hidden={true}
                aria-labelledby={null}
                fill="currentColor"
                height="1em"
                role="img"
                style={
                  Object {
                    "verticalAlign": "-0.125em",
                  }
                }
                viewBox="0 0 192 512"
                width="1em"
              >
                <path
                  d="M96 184c39.8 0 72 32.2 72 72s-32.2 72-72 72-72-32.2-72-72 32.2-72 72-72zM24 80c0 39.8 32.2 72 72 72s72-32.2 72-72S135.8 8 96 8 24 40.2 24 80zm0 352c0 39.8 32.2 72 72 72s72-32.2 72-72-32.2-72-72-72-72 32.2-72 72z"
                />
              </svg>
            </button>
          </div>
        </td>
      </tr>
    </tbody>
  </table>,
]
`;
